// Jest Snapshot v1, https://jestjs.io/docs/snapshot-testing

exports[`renders page header unchanged 1`] = `
<div>
  <header
    class="header"
    id="header"
  >
    <div
      class="overflow"
    >
      <button
        class="menu-button"
      >
        <span
          class="menu-dot menu-dot-one"
        />
        <span
          class="menu-dot menu-dot-two"
        />
        <span
          class="menu-dot menu-dot-three"
        />
      </button>
      <div
        class="page-top"
      >
        <h2
          class="title"
        >
          <a
            class="title-link"
            href="/"
          >
            Michael Weitzman
          </a>
        </h2>
        <address
          class="nav-wrap"
        >
          <a
            class="link"
            href="#"
          >
            <span
              class="link-span"
            >
              weitzly@gmail.com
            </span>
          </a>
          <a
            class="link"
            href="https://github.com/mikeweitz"
          >
            <span
              class="link-span"
            >
              github
            </span>
          </a>
          <a
            class="link"
            href="https://www.linkedin.com/in/mikeweitzman/"
          >
            <span
              class="link-span"
            >
              linkedin
            </span>
          </a>
          <a
            class="link"
            href="/playlists"
          >
            <span
              class="link-span"
            >
              playlists
            </span>
          </a>
        </address>
      </div>
      <div
        class="page-scrolled"
      >
        <h2
          class="title title-small"
        >
          <a
            class="title-link"
            href="/"
          >
            <span
              class="initials"
            >
              MW
            </span>
          </a>
        </h2>
        <address
          class="nav-wrap"
        >
          <a
            class="link"
            href="#"
          >
            <span
              class="link-span"
            >
              weitzly@gmail.com
            </span>
          </a>
          <a
            class="link"
            href="https://github.com/mikeweitz"
          >
            <span
              class="link-span"
            >
              github
            </span>
          </a>
          <a
            class="link"
            href="https://www.linkedin.com/in/mikeweitzman/"
          >
            <span
              class="link-span"
            >
              linkedin
            </span>
          </a>
          <a
            class="link"
            href="/playlists"
          >
            <span
              class="link-span"
            >
              playlists
            </span>
          </a>
        </address>
      </div>
      <a
        href="/"
      >
        <div
          class="logo"
        >
          <img
            class="img"
            src="/logo.png"
          />
        </div>
      </a>
    </div>
  </header>
</div>
`;
