// Jest Snapshot v1, https://jestjs.io/docs/snapshot-testing

exports[`renders page header unchanged 1`] = `
<div>
  <menu
    class="header"
    id="header"
  >
    <div
      class="overflow"
    >
      <button
        class="menu-button"
      >
        <span
          class="menu-dot menu-dot-one"
        />
        <span
          class="menu-dot menu-dot-two"
        />
        <span
          class="menu-dot menu-dot-three"
        />
      </button>
      <div
        class="page-top"
      >
        <h2
          class="title"
        >
          <a
            class="title-link"
            href="/"
          >
            Michael Weitzman
          </a>
        </h2>
        <address
          class="nav-wrap"
        >
          <a
            class="link"
            href="/blog"
          >
            <svg
              aria-hidden="true"
              class="lucide lucide-book-open"
              fill="none"
              height="18"
              stroke="currentColor"
              stroke-linecap="round"
              stroke-linejoin="round"
              stroke-width="1"
              viewBox="0 0 24 24"
              width="18"
              xmlns="http://www.w3.org/2000/svg"
            >
              <path
                d="M12 7v14"
              />
              <path
                d="M3 18a1 1 0 0 1-1-1V4a1 1 0 0 1 1-1h5a4 4 0 0 1 4 4 4 4 0 0 1 4-4h5a1 1 0 0 1 1 1v13a1 1 0 0 1-1 1h-6a3 3 0 0 0-3 3 3 3 0 0 0-3-3z"
              />
            </svg>
            <span
              class="link-span"
            >
              blog
            </span>
          </a>
          <a
            class="link"
            href="/playlists"
          >
            <svg
              aria-hidden="true"
              class="lucide lucide-list-music"
              fill="none"
              height="18"
              stroke="currentColor"
              stroke-linecap="round"
              stroke-linejoin="round"
              stroke-width="1"
              viewBox="0 0 24 24"
              width="18"
              xmlns="http://www.w3.org/2000/svg"
            >
              <path
                d="M16 5H3"
              />
              <path
                d="M11 12H3"
              />
              <path
                d="M11 19H3"
              />
              <path
                d="M21 16V5"
              />
              <circle
                cx="18"
                cy="16"
                r="3"
              />
            </svg>
            <span
              class="link-span"
            >
              playlists
            </span>
          </a>
          <a
            class="link"
            href="https://github.com/mikeweitz"
          >
            <svg
              aria-hidden="true"
              class="lucide lucide-git-pull-request-arrow"
              fill="none"
              height="18"
              stroke="currentColor"
              stroke-linecap="round"
              stroke-linejoin="round"
              stroke-width="1"
              viewBox="0 0 24 24"
              width="18"
              xmlns="http://www.w3.org/2000/svg"
            >
              <circle
                cx="5"
                cy="6"
                r="3"
              />
              <path
                d="M5 9v12"
              />
              <circle
                cx="19"
                cy="18"
                r="3"
              />
              <path
                d="m15 9-3-3 3-3"
              />
              <path
                d="M12 6h5a2 2 0 0 1 2 2v7"
              />
            </svg>
            <span
              class="link-span"
            >
              github
            </span>
          </a>
          <a
            class="link"
            href="https://www.linkedin.com/in/mikeweitzman/"
          >
            <svg
              aria-hidden="true"
              class="lucide lucide-handshake"
              fill="none"
              height="18"
              stroke="currentColor"
              stroke-linecap="round"
              stroke-linejoin="round"
              stroke-width="1"
              viewBox="0 0 24 24"
              width="18"
              xmlns="http://www.w3.org/2000/svg"
            >
              <path
                d="m11 17 2 2a1 1 0 1 0 3-3"
              />
              <path
                d="m14 14 2.5 2.5a1 1 0 1 0 3-3l-3.88-3.88a3 3 0 0 0-4.24 0l-.88.88a1 1 0 1 1-3-3l2.81-2.81a5.79 5.79 0 0 1 7.06-.87l.47.28a2 2 0 0 0 1.42.25L21 4"
              />
              <path
                d="m21 3 1 11h-2"
              />
              <path
                d="M3 3 2 14l6.5 6.5a1 1 0 1 0 3-3"
              />
              <path
                d="M3 4h8"
              />
            </svg>
            <span
              class="link-span"
            >
              linkedin
            </span>
          </a>
        </address>
      </div>
      <div
        class="page-scrolled"
      >
        <h2
          class="title title-small"
        >
          <a
            class="title-link"
            href="/"
          >
            <span
              class="initials"
            >
              <svg
                height="24"
                viewBox="0 0 59 24"
                width="59"
                xmlns="http://www.w3.org/2000/svg"
              >
                <g
                  fill="currentColor"
                  fill-rule="evenodd"
                  id="w"
                  stroke-linecap="round"
                  transform="rotate(180, 27.9, 11.8)"
                >
                  <path
                    d="M15.834 10.134 11.667 0.167h1.667l3.534 8.601L20.4 0.167h1.667l-4.167 9.967 4.967 11.534L31.934 0h1.866L23.666 23.667h-1.566l-5.199 -12.167 -5.234 12.167h-1.566L0 0h1.833l9.099 21.667z"
                    vector-effect="non-scaling-stroke"
                  />
                </g>
                <g
                  fill="currentColor"
                  fill-rule="evenodd"
                  id="M"
                  stroke-linecap="round"
                  transform="translate(0, 0.39)"
                >
                  <path
                    d="M15.834 10.134 11.667 0.167h1.667l3.534 8.601L20.4 0.167h1.667l-4.167 9.967 4.967 11.534L31.934 0h1.866L23.666 23.667h-1.566l-5.199 -12.167 -5.234 12.167h-1.566L0 0h1.833l9.099 21.667z"
                    vector-effect="non-scaling-stroke"
                  />
                </g>
              </svg>
            </span>
          </a>
        </h2>
        <address
          class="nav-wrap"
        >
          <a
            class="link"
            href="/blog"
          >
            <svg
              aria-hidden="true"
              class="lucide lucide-book-open"
              fill="none"
              height="18"
              stroke="currentColor"
              stroke-linecap="round"
              stroke-linejoin="round"
              stroke-width="1"
              viewBox="0 0 24 24"
              width="18"
              xmlns="http://www.w3.org/2000/svg"
            >
              <path
                d="M12 7v14"
              />
              <path
                d="M3 18a1 1 0 0 1-1-1V4a1 1 0 0 1 1-1h5a4 4 0 0 1 4 4 4 4 0 0 1 4-4h5a1 1 0 0 1 1 1v13a1 1 0 0 1-1 1h-6a3 3 0 0 0-3 3 3 3 0 0 0-3-3z"
              />
            </svg>
            <span
              class="link-span"
            >
              blog
            </span>
          </a>
          <a
            class="link"
            href="/playlists"
          >
            <svg
              aria-hidden="true"
              class="lucide lucide-list-music"
              fill="none"
              height="18"
              stroke="currentColor"
              stroke-linecap="round"
              stroke-linejoin="round"
              stroke-width="1"
              viewBox="0 0 24 24"
              width="18"
              xmlns="http://www.w3.org/2000/svg"
            >
              <path
                d="M16 5H3"
              />
              <path
                d="M11 12H3"
              />
              <path
                d="M11 19H3"
              />
              <path
                d="M21 16V5"
              />
              <circle
                cx="18"
                cy="16"
                r="3"
              />
            </svg>
            <span
              class="link-span"
            >
              playlists
            </span>
          </a>
          <a
            class="link"
            href="https://github.com/mikeweitz"
          >
            <svg
              aria-hidden="true"
              class="lucide lucide-git-pull-request-arrow"
              fill="none"
              height="18"
              stroke="currentColor"
              stroke-linecap="round"
              stroke-linejoin="round"
              stroke-width="1"
              viewBox="0 0 24 24"
              width="18"
              xmlns="http://www.w3.org/2000/svg"
            >
              <circle
                cx="5"
                cy="6"
                r="3"
              />
              <path
                d="M5 9v12"
              />
              <circle
                cx="19"
                cy="18"
                r="3"
              />
              <path
                d="m15 9-3-3 3-3"
              />
              <path
                d="M12 6h5a2 2 0 0 1 2 2v7"
              />
            </svg>
            <span
              class="link-span"
            >
              github
            </span>
          </a>
          <a
            class="link"
            href="https://www.linkedin.com/in/mikeweitzman/"
          >
            <svg
              aria-hidden="true"
              class="lucide lucide-handshake"
              fill="none"
              height="18"
              stroke="currentColor"
              stroke-linecap="round"
              stroke-linejoin="round"
              stroke-width="1"
              viewBox="0 0 24 24"
              width="18"
              xmlns="http://www.w3.org/2000/svg"
            >
              <path
                d="m11 17 2 2a1 1 0 1 0 3-3"
              />
              <path
                d="m14 14 2.5 2.5a1 1 0 1 0 3-3l-3.88-3.88a3 3 0 0 0-4.24 0l-.88.88a1 1 0 1 1-3-3l2.81-2.81a5.79 5.79 0 0 1 7.06-.87l.47.28a2 2 0 0 0 1.42.25L21 4"
              />
              <path
                d="m21 3 1 11h-2"
              />
              <path
                d="M3 3 2 14l6.5 6.5a1 1 0 1 0 3-3"
              />
              <path
                d="M3 4h8"
              />
            </svg>
            <span
              class="link-span"
            >
              linkedin
            </span>
          </a>
        </address>
      </div>
      <a
        href="/"
      >
        <div
          class="logo"
        >
          <img
            class="img"
            src="/logo.webp"
          />
        </div>
      </a>
    </div>
  </menu>
</div>
`;
